// Jest Snapshot v1, https://goo.gl/fbAQLP

exports[`Home page matches snapshot 1`] = `
<DocumentFragment>
  <div
    class="app"
  >
    <img
      alt=""
      src="/banner/banner.webp"
    />
    <h1>
      NextJs Typescript Template
    </h1>
    <div>
      <img
        alt="Coverage Status"
        src="https://coveralls.io/repos/github/Webeleon/Next-JS-starter-project/badge.svg?branch=main"
      />
      <img
        alt="Code style: prettier"
        src="https://img.shields.io/badge/code_style-prettier-ff69b4.svg?style=flat-square"
      />
      <img
        alt="test and coverage"
        src="https://github.com/webeleon/Next-JS-starter-project/workflows/Test%20and%20coverage/badge.svg"
      />
    </div>
    <div>
      <a
        href="https://github.com/Webeleon/Next-JS-starter-project"
      >
        Use me on github!
      </a>
    </div>
    <div>
      <a
        href="https://webeleon.dev"
      >
        Proudly built and maintained by Webeleon SARL from Brest in France
      </a>
    </div>
    <div>
      <p>
        Copyright 2020-2021 Webeleon SARL
      </p>
      <p>
        Permission is hereby granted, free of charge, to any person obtaining a copy of this software and associated documentation files (the "Software"), to deal in the Software without restriction, including without limitation the rights to use, copy, modify, merge, publish, distribute, sublicense, and/or sell copies of the Software, and to permit persons to whom the Software is furnished to do so, subject to the following conditions:
      </p>
      <p>
        The above copyright notice and this permission notice shall be included in all copies or substantial portions of the Software.
      </p>
      <p>
        THE SOFTWARE IS PROVIDED "AS IS", WITHOUT WARRANTY OF ANY KIND, EXPRESS OR IMPLIED, INCLUDING BUT NOT LIMITED TO THE WARRANTIES OF MERCHANTABILITY, FITNESS FOR A PARTICULAR PURPOSE AND NONINFRINGEMENT. IN NO EVENT SHALL THE AUTHORS OR COPYRIGHT HOLDERS BE LIABLE FOR ANY CLAIM, DAMAGES OR OTHER LIABILITY, WHETHER IN AN ACTION OF CONTRACT, TORT OR OTHERWISE, ARISING FROM, OUT OF OR IN CONNECTION WITH THE SOFTWARE OR THE USE OR OTHER DEALINGS IN THE SOFTWARE.
      </p>
    </div>
  </div>
</DocumentFragment>
`;
